// Jest Snapshot v1, https://goo.gl/fbAQLP

exports[`Abilities Component renders correct Abilities and snapshot element <Abilities/> 1`] = `
.c0 {
  display: -webkit-box;
  display: -webkit-flex;
  display: -ms-flexbox;
  display: flex;
  width: 100%;
}

.c0 .label-types {
  display: -webkit-box;
  display: -webkit-flex;
  display: -ms-flexbox;
  display: flex;
  -webkit-flex-wrap: wrap;
  -ms-flex-wrap: wrap;
  flex-wrap: wrap;
  margin: 10px 0;
  width: 100%;
}

.c0 .label-types--box {
  -webkit-align-items: center;
  -webkit-box-align: center;
  -ms-flex-align: center;
  align-items: center;
  background-color: #fff;
  border: 1px solid #ddd;
  border-radius: 10px;
  display: -webkit-box;
  display: -webkit-flex;
  display: -ms-flexbox;
  display: flex;
  font-family: "Poppins",sans-serif;
  font-size: 12px;
  font-weight: 300;
  -webkit-box-pack: justify;
  -webkit-justify-content: space-between;
  -ms-flex-pack: justify;
  justify-content: space-between;
  margin-bottom: 5px;
  margin-right: 5px;
  padding: 7px 15px;
  padding: 10px;
}

.c0 .label-types--box.is_hidden {
  opacity: 0.5;
}

.c0 .label-types--box > span:last-child {
  -webkit-align-items: center;
  -webkit-box-align: center;
  -ms-flex-align: center;
  align-items: center;
  background: rgba(214,214,214,0.16);
  border: 1px solid #dcdcdc;
  border-radius: 50%;
  color: #4a4a4a;
  display: -webkit-inline-box;
  display: -webkit-inline-flex;
  display: -ms-inline-flexbox;
  display: inline-flex;
  height: 22px;
  -webkit-box-pack: center;
  -webkit-justify-content: center;
  -ms-flex-pack: center;
  justify-content: center;
  margin-left: 8px;
  width: 22px;
}

<Abilities
  data={
    Array [
      Object {
        "ability": Object {
          "name": "chlorophyll",
          "url": "https://pokeapi.co/api/v2/ability/34/",
        },
        "is_hidden": true,
        "slot": 3,
      },
      Object {
        "ability": Object {
          "name": "overgrow",
          "url": "https://pokeapi.co/api/v2/ability/65/",
        },
        "is_hidden": false,
        "slot": 1,
      },
    ]
  }
>
  <styled.div>
    <div
      className="c0"
    >
      <div
        className="label-types"
      >
        <div
          className="label-types--box is_hidden"
          key="chlorophyll"
          test-id="box-attribute"
        >
          <span>
            chlorophyll
          </span>
           
          <span>
            3
          </span>
        </div>
        <div
          className="label-types--box "
          key="overgrow"
          test-id="box-attribute"
        >
          <span>
            overgrow
          </span>
           
          <span>
            1
          </span>
        </div>
      </div>
    </div>
  </styled.div>
</Abilities>
`;
